Fatal error: Class 'D' not found in /home/alexander/php5.3-secure/php-5.3.3/tests/classes/constants_error_004.php on line 7