array(76) {
  [0]=>
  array(3) {
    ["dst"]=>
    bool(false)
    ["offset"]=>
    int(-18000)
    ["timezone_id"]=>
    string(16) "America/New_York"
  }
  [1]=>
  array(3) {
    ["dst"]=>
    bool(false)
    ["offset"]=>
    int(-18000)
    ["timezone_id"]=>
    string(15) "America/Antigua"
  }
  [2]=>
  array(3) {
    ["dst"]=>
    bool(false)
    ["offset"]=>
    int(-18000)
    ["timezone_id"]=>
    string(16) "America/Atikokan"
  }
  [3]=>
  array(3) {
    ["dst"]=>
    bool(false)
    ["offset"]=>
    int(-18000)
    ["timezone_id"]=>
    string(21) "America/Cambridge_Bay"
  }
  [4]=>
  array(3) {
    ["dst"]=>
    bool(false)
    ["offset"]=>
    int(-18000)
    ["timezone_id"]=>
    string(14) "America/Cancun"
  }
  [5]=>
  array(3) {
    ["dst"]=>
    bool(false)
    ["offset"]=>
    int(-18000)
    ["timezone_id"]=>
    string(14) "America/Cayman"
  }
  [6]=>
  array(3) {
    ["dst"]=>
    bool(false)
    ["offset"]=>
    int(-18000)
    ["timezone_id"]=>
    string(15) "America/Chicago"
  }
  [7]=>
  array(3) {
    ["dst"]=>
    bool(false)
    ["offset"]=>
    int(-18000)
    ["timezone_id"]=>
    string(21) "America/Coral_Harbour"
  }
  [8]=>
  array(3) {
    ["dst"]=>
    bool(false)
    ["offset"]=>
    int(-18000)
    ["timezone_id"]=>
    string(15) "America/Detroit"
  }
  [9]=>
  array(3) {
    ["dst"]=>
    bool(false)
    ["offset"]=>
    int(-18000)
    ["timezone_id"]=>
    string(18) "America/Fort_Wayne"
  }
  [10]=>
  array(3) {
    ["dst"]=>
    bool(false)
    ["offset"]=>
    int(-18000)
    ["timezone_id"]=>
    string(18) "America/Grand_Turk"
  }
  [11]=>
  array(3) {
    ["dst"]=>
    bool(false)
    ["offset"]=>
    int(-18000)
    ["timezone_id"]=>
    string(28) "America/Indiana/Indianapolis"
  }
  [12]=>
  array(3) {
    ["dst"]=>
    bool(false)
    ["offset"]=>
    int(-18000)
    ["timezone_id"]=>
    string(20) "America/Indiana/Knox"
  }
  [13]=>
  array(3) {
    ["dst"]=>
    bool(false)
    ["offset"]=>
    int(-18000)
    ["timezone_id"]=>
    string(23) "America/Indiana/Marengo"
  }
  [14]=>
  array(3) {
    ["dst"]=>
    bool(false)
    ["offset"]=>
    int(-18000)
    ["timezone_id"]=>
    string(26) "America/Indiana/Petersburg"
  }
  [15]=>
  array(3) {
    ["dst"]=>
    bool(false)
    ["offset"]=>
    int(-18000)
    ["timezone_id"]=>
    string(25) "America/Indiana/Tell_City"
  }
  [16]=>
  array(3) {
    ["dst"]=>
    bool(false)
    ["offset"]=>
    int(-18000)
    ["timezone_id"]=>
    string(21) "America/Indiana/Vevay"
  }
  [17]=>
  array(3) {
    ["dst"]=>
    bool(false)
    ["offset"]=>
    int(-18000)
    ["timezone_id"]=>
    string(25) "America/Indiana/Vincennes"
  }
  [18]=>
  array(3) {
    ["dst"]=>
    bool(false)
    ["offset"]=>
    int(-18000)
    ["timezone_id"]=>
    string(23) "America/Indiana/Winamac"
  }
  [19]=>
  array(3) {
    ["dst"]=>
    bool(false)
    ["offset"]=>
    int(-18000)
    ["timezone_id"]=>
    string(20) "America/Indianapolis"
  }
  [20]=>
  array(3) {
    ["dst"]=>
    bool(false)
    ["offset"]=>
    int(-18000)
    ["timezone_id"]=>
    string(15) "America/Iqaluit"
  }
  [21]=>
  array(3) {
    ["dst"]=>
    bool(false)
    ["offset"]=>
    int(-18000)
    ["timezone_id"]=>
    string(15) "America/Jamaica"
  }
  [22]=>
  array(3) {
    ["dst"]=>
    bool(false)
    ["offset"]=>
    int(-18000)
    ["timezone_id"]=>
    string(27) "America/Kentucky/Louisville"
  }
  [23]=>
  array(3) {
    ["dst"]=>
    bool(false)
    ["offset"]=>
    int(-18000)
    ["timezone_id"]=>
    string(27) "America/Kentucky/Monticello"
  }
  [24]=>
  array(3) {
    ["dst"]=>
    bool(false)
    ["offset"]=>
    int(-18000)
    ["timezone_id"]=>
    string(15) "America/Knox_IN"
  }
  [25]=>
  array(3) {
    ["dst"]=>
    bool(false)
    ["offset"]=>
    int(-18000)
    ["timezone_id"]=>
    string(18) "America/Louisville"
  }
  [26]=>
  array(3) {
    ["dst"]=>
    bool(false)
    ["offset"]=>
    int(-18000)
    ["timezone_id"]=>
    string(15) "America/Managua"
  }
  [27]=>
  array(3) {
    ["dst"]=>
    bool(false)
    ["offset"]=>
    int(-18000)
    ["timezone_id"]=>
    string(17) "America/Menominee"
  }
  [28]=>
  array(3) {
    ["dst"]=>
    bool(false)
    ["offset"]=>
    int(-18000)
    ["timezone_id"]=>
    string(14) "America/Merida"
  }
  [29]=>
  array(3) {
    ["dst"]=>
    bool(false)
    ["offset"]=>
    int(-18000)
    ["timezone_id"]=>
    string(15) "America/Moncton"
  }
  [30]=>
  array(3) {
    ["dst"]=>
    bool(false)
    ["offset"]=>
    int(-18000)
    ["timezone_id"]=>
    string(16) "America/Montreal"
  }
  [31]=>
  array(3) {
    ["dst"]=>
    bool(false)
    ["offset"]=>
    int(-18000)
    ["timezone_id"]=>
    string(14) "America/Nassau"
  }
  [32]=>
  array(3) {
    ["dst"]=>
    bool(false)
    ["offset"]=>
    int(-18000)
    ["timezone_id"]=>
    string(15) "America/Nipigon"
  }
  [33]=>
  array(3) {
    ["dst"]=>
    bool(false)
    ["offset"]=>
    int(-18000)
    ["timezone_id"]=>
    string(14) "America/Panama"
  }
  [34]=>
  array(3) {
    ["dst"]=>
    bool(false)
    ["offset"]=>
    int(-18000)
    ["timezone_id"]=>
    string(19) "America/Pangnirtung"
  }
  [35]=>
  array(3) {
    ["dst"]=>
    bool(false)
    ["offset"]=>
    int(-18000)
    ["timezone_id"]=>
    string(22) "America/Port-au-Prince"
  }
  [36]=>
  array(3) {
    ["dst"]=>
    bool(false)
    ["offset"]=>
    int(-18000)
    ["timezone_id"]=>
    string(20) "America/Rankin_Inlet"
  }
  [37]=>
  array(3) {
    ["dst"]=>
    bool(false)
    ["offset"]=>
    int(-18000)
    ["timezone_id"]=>
    string(16) "America/Resolute"
  }
  [38]=>
  array(3) {
    ["dst"]=>
    bool(false)
    ["offset"]=>
    int(-18000)
    ["timezone_id"]=>
    string(21) "America/Santo_Domingo"
  }
  [39]=>
  array(3) {
    ["dst"]=>
    bool(false)
    ["offset"]=>
    int(-18000)
    ["timezone_id"]=>
    string(19) "America/Thunder_Bay"
  }
  [40]=>
  array(3) {
    ["dst"]=>
    bool(false)
    ["offset"]=>
    int(-18000)
    ["timezone_id"]=>
    string(15) "America/Toronto"
  }
  [41]=>
  array(3) {
    ["dst"]=>
    bool(false)
    ["offset"]=>
    int(-18000)
    ["timezone_id"]=>
    string(14) "Canada/Eastern"
  }
  [42]=>
  array(3) {
    ["dst"]=>
    bool(false)
    ["offset"]=>
    int(-18000)
    ["timezone_id"]=>
    string(3) "EST"
  }
  [43]=>
  array(3) {
    ["dst"]=>
    bool(false)
    ["offset"]=>
    int(-18000)
    ["timezone_id"]=>
    string(7) "EST5EDT"
  }
  [44]=>
  array(3) {
    ["dst"]=>
    bool(false)
    ["offset"]=>
    int(-18000)
    ["timezone_id"]=>
    string(7) "Jamaica"
  }
  [45]=>
  array(3) {
    ["dst"]=>
    bool(false)
    ["offset"]=>
    int(-18000)
    ["timezone_id"]=>
    string(10) "US/Central"
  }
  [46]=>
  array(3) {
    ["dst"]=>
    bool(false)
    ["offset"]=>
    int(-18000)
    ["timezone_id"]=>
    string(15) "US/East-Indiana"
  }
  [47]=>
  array(3) {
    ["dst"]=>
    bool(false)
    ["offset"]=>
    int(-18000)
    ["timezone_id"]=>
    string(10) "US/Eastern"
  }
  [48]=>
  array(3) {
    ["dst"]=>
    bool(false)
    ["offset"]=>
    int(-18000)
    ["timezone_id"]=>
    string(17) "US/Indiana-Starke"
  }
  [49]=>
  array(3) {
    ["dst"]=>
    bool(false)
    ["offset"]=>
    int(-18000)
    ["timezone_id"]=>
    string(11) "US/Michigan"
  }
  [50]=>
  array(3) {
    ["dst"]=>
    bool(false)
    ["offset"]=>
    int(36000)
    ["timezone_id"]=>
    string(13) "Australia/ACT"
  }
  [51]=>
  array(3) {
    ["dst"]=>
    bool(false)
    ["offset"]=>
    int(36000)
    ["timezone_id"]=>
    string(18) "Australia/Brisbane"
  }
  [52]=>
  array(3) {
    ["dst"]=>
    bool(false)
    ["offset"]=>
    int(36000)
    ["timezone_id"]=>
    string(18) "Australia/Canberra"
  }
  [53]=>
  array(3) {
    ["dst"]=>
    bool(false)
    ["offset"]=>
    int(36000)
    ["timezone_id"]=>
    string(16) "Australia/Currie"
  }
  [54]=>
  array(3) {
    ["dst"]=>
    bool(false)
    ["offset"]=>
    int(36000)
    ["timezone_id"]=>
    string(16) "Australia/Hobart"
  }
  [55]=>
  array(3) {
    ["dst"]=>
    bool(false)
    ["offset"]=>
    int(36000)
    ["timezone_id"]=>
    string(13) "Australia/LHI"
  }
  [56]=>
  array(3) {
    ["dst"]=>
    bool(false)
    ["offset"]=>
    int(36000)
    ["timezone_id"]=>
    string(18) "Australia/Lindeman"
  }
  [57]=>
  array(3) {
    ["dst"]=>
    bool(false)
    ["offset"]=>
    int(36000)
    ["timezone_id"]=>
    string(19) "Australia/Lord_Howe"
  }
  [58]=>
  array(3) {
    ["dst"]=>
    bool(false)
    ["offset"]=>
    int(36000)
    ["timezone_id"]=>
    string(19) "Australia/Melbourne"
  }
  [59]=>
  array(3) {
    ["dst"]=>
    bool(false)
    ["offset"]=>
    int(36000)
    ["timezone_id"]=>
    string(13) "Australia/NSW"
  }
  [60]=>
  array(3) {
    ["dst"]=>
    bool(false)
    ["offset"]=>
    int(36000)
    ["timezone_id"]=>
    string(20) "Australia/Queensland"
  }
  [61]=>
  array(3) {
    ["dst"]=>
    bool(false)
    ["offset"]=>
    int(36000)
    ["timezone_id"]=>
    string(16) "Australia/Sydney"
  }
  [62]=>
  array(3) {
    ["dst"]=>
    bool(false)
    ["offset"]=>
    int(36000)
    ["timezone_id"]=>
    string(18) "Australia/Tasmania"
  }
  [63]=>
  array(3) {
    ["dst"]=>
    bool(false)
    ["offset"]=>
    int(36000)
    ["timezone_id"]=>
    string(18) "Australia/Victoria"
  }
  [64]=>
  array(3) {
    ["dst"]=>
    bool(true)
    ["offset"]=>
    int(39600)
    ["timezone_id"]=>
    string(19) "Australia/Melbourne"
  }
  [65]=>
  array(3) {
    ["dst"]=>
    bool(true)
    ["offset"]=>
    int(39600)
    ["timezone_id"]=>
    string(13) "Australia/ACT"
  }
  [66]=>
  array(3) {
    ["dst"]=>
    bool(true)
    ["offset"]=>
    int(39600)
    ["timezone_id"]=>
    string(18) "Australia/Brisbane"
  }
  [67]=>
  array(3) {
    ["dst"]=>
    bool(true)
    ["offset"]=>
    int(39600)
    ["timezone_id"]=>
    string(18) "Australia/Canberra"
  }
  [68]=>
  array(3) {
    ["dst"]=>
    bool(true)
    ["offset"]=>
    int(39600)
    ["timezone_id"]=>
    string(16) "Australia/Currie"
  }
  [69]=>
  array(3) {
    ["dst"]=>
    bool(true)
    ["offset"]=>
    int(39600)
    ["timezone_id"]=>
    string(16) "Australia/Hobart"
  }
  [70]=>
  array(3) {
    ["dst"]=>
    bool(true)
    ["offset"]=>
    int(39600)
    ["timezone_id"]=>
    string(18) "Australia/Lindeman"
  }
  [71]=>
  array(3) {
    ["dst"]=>
    bool(true)
    ["offset"]=>
    int(39600)
    ["timezone_id"]=>
    string(13) "Australia/NSW"
  }
  [72]=>
  array(3) {
    ["dst"]=>
    bool(true)
    ["offset"]=>
    int(39600)
    ["timezone_id"]=>
    string(20) "Australia/Queensland"
  }
  [73]=>
  array(3) {
    ["dst"]=>
    bool(true)
    ["offset"]=>
    int(39600)
    ["timezone_id"]=>
    string(16) "Australia/Sydney"
  }
  [74]=>
  array(3) {
    ["dst"]=>
    bool(true)
    ["offset"]=>
    int(39600)
    ["timezone_id"]=>
    string(18) "Australia/Tasmania"
  }
  [75]=>
  array(3) {
    ["dst"]=>
    bool(true)
    ["offset"]=>
    int(39600)
    ["timezone_id"]=>
    string(18) "Australia/Victoria"
  }
}
Done