Fatal error: Uncaught exception 'Exception' with message 'DateTime::__construct(): It is not safe to rely on the system's timezone settings. You are *required* to use the date.timezone setting or the date_default_timezone_set() function. In case you used any of those methods and you are still getting this warning, you most likely misspelled the timezone identifier. We selected 'Europe/Berlin' for 'CET/1.0/no DST' instead' in /home/alexander/php5.3-secure/php-5.3.3/ext/date/tests/bug48187.php:3
Stack trace:
#0 /home/alexander/php5.3-secure/php-5.3.3/ext/date/tests/bug48187.php(3): DateTime->__construct('2005-07-23')
#1 {main}
  thrown in /home/alexander/php5.3-secure/php-5.3.3/ext/date/tests/bug48187.php on line 3